// Vitest Snapshot v1, https://vitest.dev/guide/snapshot.html

exports[`buildSummaryView > full view (valid architecture) matches the snapshot 1`] = `
{
  "architecture": {
    "edges": [
      {
        "from": "dev",
        "id": "dev>cli",
        "label": "sbl …",
        "to": "cli",
      },
      {
        "from": "cli",
        "id": "cli>npm",
        "label": "version check",
        "text": "update checks its own version before refreshing.",
        "to": "npm",
      },
      {
        "from": "cli",
        "id": "cli>planner",
        "label": "plans",
        "to": "planner",
      },
      {
        "from": "planner",
        "id": "planner>executor",
        "label": "Action[]",
        "text": "The action list is the only interface between planning and writing.",
        "to": "executor",
      },
      {
        "from": "executor",
        "id": "executor>project",
        "label": "writes",
        "to": "project",
      },
      {
        "from": "project",
        "id": "project>superpowers",
        "label": "plugin entry",
        "to": "superpowers",
      },
      {
        "from": "cli",
        "id": "cli>ownership",
        "label": "uninstall",
        "to": "ownership",
      },
      {
        "from": "ownership",
        "id": "ownership>project",
        "label": "removes",
        "to": "project",
      },
      {
        "from": "ownership",
        "id": "ownership>router",
        "label": "cleans up",
        "to": "router",
      },
      {
        "from": "cli",
        "id": "cli>phase",
        "label": "phase",
        "to": "phase",
      },
      {
        "from": "phase",
        "id": "phase>backlog",
        "label": "task edit",
        "to": "backlog",
      },
      {
        "from": "cli",
        "id": "cli>hub",
        "label": "dashboard",
        "to": "hub",
      },
      {
        "from": "hub",
        "id": "hub>backlog",
        "label": "task list --json",
        "to": "backlog",
      },
      {
        "from": "hub",
        "id": "hub>browser",
        "label": "HTML + SSE",
        "to": "browser",
      },
    ],
    "flows": [
      {
        "color": "accent",
        "command": "sbl init",
        "id": "init",
        "label": "sbl init",
        "steps": [
          "dev>cli",
          "cli>planner",
          "planner>executor",
          "executor>project",
          "project>superpowers",
        ],
      },
      {
        "color": "warn",
        "command": "sbl update",
        "id": "update",
        "label": "sbl update",
        "steps": [
          "dev>cli",
          "cli>npm",
          "cli>planner",
          "planner>executor",
          "executor>project",
        ],
      },
      {
        "color": "ok",
        "command": "sbl dashboard",
        "id": "dashboard",
        "label": "sbl dashboard",
        "steps": [
          "dev>cli",
          "cli>hub",
          "hub>backlog",
          "hub>browser",
        ],
      },
      {
        "color": "rose",
        "command": "sbl uninstall",
        "id": "uninstall",
        "label": "sbl uninstall",
        "steps": [
          "dev>cli",
          "cli>ownership",
          "ownership>project",
          "ownership>router",
        ],
      },
    ],
    "highlights": [
      {
        "badge": 1,
        "node": "planner",
        "text": "Pure planner, atomic executor, --dry-run for free.",
        "title": "Plan, then act",
      },
      {
        "badge": 2,
        "node": "project",
        "text": "Marker, fingerprint or exact default value as proof.",
        "title": "Ownership by marker",
      },
      {
        "badge": 3,
        "node": "ownership",
        "text": "Removes only proven ownership and reports every decision.",
        "title": "Verified uninstall",
      },
      {
        "badge": 4,
        "node": "hub",
        "text": "One HTML file, SSE reload, many projects on one port.",
        "title": "Live without a build",
      },
    ],
    "kinds": {
      "actor": {
        "color": "muted",
        "dashed": false,
        "label": "Actor",
      },
      "core": {
        "color": "accent",
        "dashed": false,
        "label": "Core",
      },
      "external": {
        "color": "dim",
        "dashed": true,
        "label": "External",
      },
      "optional": {
        "color": "violet",
        "dashed": false,
        "label": "Optional",
      },
      "output": {
        "color": "ok",
        "dashed": false,
        "label": "Output",
      },
    },
    "nodes": [
      {
        "cell": [
          0,
          2,
        ],
        "commands": [
          {
            "note": "wire a project",
            "run": "sbl init",
          },
        ],
        "files": [
          "AGENTS.md",
          "CLAUDE.md",
        ],
        "id": "dev",
        "kind": "actor",
        "label": "Human & agent",
        "purpose": "Starts every flow; human and agent use the same commands.",
        "sub": "shell · Claude Code",
        "why": "One entry for both; what the agent may read is versioned in the repo.",
      },
      {
        "cell": [
          0,
          4,
        ],
        "commands": [],
        "files": [],
        "id": "browser",
        "kind": "actor",
        "label": "Browser",
        "purpose": "Shows dashboard, summary and the embedded Backlog browser; holds the SSE connection.",
        "sub": "localhost:6428",
        "why": "The browser is the only UI, nothing to install.",
      },
      {
        "cell": [
          1,
          2,
        ],
        "commands": [
          {
            "note": "check the environment",
            "run": "sbl doctor",
          },
        ],
        "files": [
          "src/bin.ts",
          "src/cli.ts",
          "src/commands/",
        ],
        "id": "cli",
        "kind": "core",
        "label": "sbl CLI",
        "purpose": "Parses arguments, dispatches seven commands, normalises exit codes, runs preflight and self-update.",
        "sub": "bin.ts · commands/",
        "why": "One global command for every project; five exit codes keep CI and agents unambiguous.",
      },
      {
        "cell": [
          2,
          1,
        ],
        "commands": [
          {
            "note": "plan only",
            "run": "sbl init --dry-run",
          },
        ],
        "files": [
          "src/init/planner.ts",
        ],
        "id": "planner",
        "kind": "core",
        "label": "Init planner",
        "purpose": "Turns detected state plus options into a declarative Action[] without side effects.",
        "sub": "init/planner.ts",
        "why": "Actions are data, so planning is unit-testable and --dry-run is free.",
      },
      {
        "cell": [
          3,
          1,
        ],
        "commands": [],
        "files": [
          "src/init/execute.ts",
          "src/lib/atomic.ts",
          "src/templates/",
        ],
        "id": "executor",
        "kind": "core",
        "label": "Executor",
        "purpose": "Applies each action atomically; content comes from templates stamped with the kit version.",
        "sub": "init/execute.ts",
        "why": "Degraded situations become warnings or refusals, never silent overwrites.",
      },
      {
        "cell": [
          2,
          2,
        ],
        "commands": [],
        "files": [
          "src/lib/ownership.ts",
          "src/commands/uninstall.ts",
        ],
        "id": "ownership",
        "kind": "core",
        "label": "Ownership & uninstall",
        "purpose": "Decides per artifact whether the kit owns it and removes only what it can prove.",
        "sub": "lib/ownership.ts",
        "why": "Ambiguity is reported as kept, never changed.",
      },
      {
        "cell": [
          2,
          3,
        ],
        "commands": [],
        "files": [
          "src/lib/phase.ts",
          "src/commands/phase.ts",
        ],
        "id": "phase",
        "kind": "core",
        "label": "Phase labels",
        "purpose": "Reads and sets the pipeline label of a task; doctor checks hygiene.",
        "sub": "lib/phase.ts",
        "why": "A label instead of a file means every session resumes at the last gate.",
      },
      {
        "cell": [
          3,
          3,
        ],
        "commands": [],
        "files": [
          "src/models/",
        ],
        "id": "router",
        "kind": "optional",
        "label": "Model router",
        "purpose": "Maps cheaper models to simple agents; installed only with --models.",
        "sub": "src/models/ · opt-in",
        "why": "Opt-in keeps the default untouched.",
      },
      {
        "cell": [
          1,
          4,
        ],
        "commands": [
          {
            "note": "start the hub",
            "run": "sbl dashboard",
          },
        ],
        "files": [
          "src/dashboard/",
          "src/templates/dashboard.html",
          "src/templates/summary.html",
        ],
        "id": "hub",
        "kind": "output",
        "label": "Dashboard hub",
        "purpose": "One port for many projects; reads tasks via the Backlog CLI, renders HTML, pushes SSE reloads.",
        "sub": "dashboard/ · :6428",
        "why": "No frontend build, no framework, no database.",
      },
      {
        "cell": [
          4,
          1,
        ],
        "commands": [],
        "files": [
          "AGENTS.md",
          ".claude/skills/",
          ".opencode/skill/",
        ],
        "id": "project",
        "kind": "output",
        "label": "Project files",
        "purpose": "Everything written into the target project carries an ownership proof.",
        "sub": "AGENTS.md · skills",
        "why": "One workflow block for all harnesses; CLAUDE.md holds only a pointer.",
      },
      {
        "cell": [
          4,
          0,
        ],
        "commands": [],
        "files": [],
        "id": "npm",
        "kind": "external",
        "label": "npm registry",
        "purpose": "Distributes the package and answers the self-update version check.",
        "sub": "super-backlog",
        "why": "release-please tags, publish ships; no manual releases.",
      },
      {
        "cell": [
          4,
          4,
        ],
        "commands": [],
        "files": [],
        "id": "backlog",
        "kind": "external",
        "label": "Backlog.md CLI",
        "purpose": "Owns tasks, milestones and decisions as Markdown; the kit talks to it only through its CLI.",
        "sub": "backlog/ · tasks",
        "why": "No fork, no vendoring; devDependency on latest.",
      },
      {
        "cell": [
          4,
          3,
        ],
        "commands": [],
        "files": [],
        "id": "superpowers",
        "kind": "external",
        "label": "Superpowers",
        "purpose": "Supplies the agent methodology via plugin entry or marketplace, never as a copy.",
        "sub": "methodology skills",
        "why": "The kit owns only the glue (decision D6).",
      },
    ],
  },
  "commands": [
    {
      "entries": [
        {
          "note": "wire a project",
          "run": "sbl init",
        },
        {
          "note": "dashboard on :6428",
          "run": "sbl dashboard",
        },
      ],
      "group": "Quick start",
    },
    {
      "entries": [
        {
          "note": "build + Vitest",
          "run": "npm test",
        },
        {
          "note": "markdownlint + cspell",
          "run": "npm run lint",
        },
      ],
      "group": "Development",
    },
  ],
  "facts": [
    {
      "label": "Version · MIT",
      "value": "1.6.0",
    },
    {
      "label": "Lines of code",
      "value": "31k",
    },
    {
      "label": "Test files",
      "value": "96",
    },
    {
      "label": "Runtime dependencies",
      "value": "3",
    },
    {
      "label": "Releases",
      "value": "14",
    },
    {
      "label": "Open tasks",
      "value": "3",
    },
  ],
  "layout": {
    "collisions": 0,
    "crossings": 0,
    "edges": [
      {
        "badge": {
          "x": 197.2,
          "y": 272,
        },
        "candidates": [
          {
            "px": 226,
            "py": 272,
            "side": "above",
            "t": 0.5,
          },
          {
            "px": 226,
            "py": 272,
            "side": "below",
            "t": 0.5,
          },
          {
            "px": 213.52,
            "py": 272,
            "side": "above",
            "t": 0.38,
          },
          {
            "px": 213.52,
            "py": 272,
            "side": "below",
            "t": 0.38,
          },
          {
            "px": 238.48,
            "py": 272,
            "side": "above",
            "t": 0.62,
          },
          {
            "px": 238.48,
            "py": 272,
            "side": "below",
            "t": 0.62,
          },
          {
            "px": 201.04,
            "py": 272,
            "side": "above",
            "t": 0.26,
          },
          {
            "px": 201.04,
            "py": 272,
            "side": "below",
            "t": 0.26,
          },
          {
            "px": 250.96,
            "py": 272,
            "side": "above",
            "t": 0.74,
          },
          {
            "px": 250.96,
            "py": 272,
            "side": "below",
            "t": 0.74,
          },
        ],
        "d": "M174,272 L278,272",
        "fallback": false,
        "from": "dev",
        "id": "dev>cli",
        "kind": "H",
        "label": {
          "anchor": "middle",
          "x": 226,
          "y": 265,
        },
        "labelWidth": 29.6,
        "points": [
          [
            174,
            272,
          ],
          [
            278,
            272,
          ],
        ],
        "score": 0,
        "segment": {
          "horizontal": true,
          "length": 104,
          "x1": 174,
          "x2": 278,
          "y1": 272,
          "y2": 272,
        },
        "slot": 0,
        "to": "cli",
      },
      {
        "badge": {
          "x": 647.3,
          "y": 64,
        },
        "candidates": [
          {
            "px": 702.5,
            "py": 64,
            "side": "above",
            "t": 0.5,
          },
          {
            "px": 702.5,
            "py": 64,
            "side": "below",
            "t": 0.5,
          },
          {
            "px": 617.18,
            "py": 64,
            "side": "above",
            "t": 0.38,
          },
          {
            "px": 617.18,
            "py": 64,
            "side": "below",
            "t": 0.38,
          },
          {
            "px": 787.82,
            "py": 64,
            "side": "above",
            "t": 0.62,
          },
          {
            "px": 787.82,
            "py": 64,
            "side": "below",
            "t": 0.62,
          },
          {
            "px": 531.86,
            "py": 64,
            "side": "above",
            "t": 0.26,
          },
          {
            "px": 531.86,
            "py": 64,
            "side": "below",
            "t": 0.26,
          },
          {
            "px": 873.14,
            "py": 64,
            "side": "above",
            "t": 0.74,
          },
          {
            "px": 873.14,
            "py": 64,
            "side": "below",
            "t": 0.74,
          },
        ],
        "d": "M347,244 L347,71 Q347,64 354,64 L1058,64",
        "fallback": false,
        "from": "cli",
        "id": "cli>npm",
        "kind": "VH",
        "label": {
          "anchor": "middle",
          "x": 702.5,
          "y": 57,
        },
        "labelWidth": 82.4,
        "points": [
          [
            347,
            244,
          ],
          [
            347,
            64,
          ],
          [
            1058,
            64,
          ],
        ],
        "score": 0,
        "segment": {
          "horizontal": true,
          "length": 711,
          "x1": 347,
          "x2": 1058,
          "y1": 64,
          "y2": 64,
        },
        "slot": 0,
        "to": "npm",
      },
      {
        "badge": {
          "x": 421,
          "y": 168,
        },
        "candidates": [
          {
            "px": 451.5,
            "py": 168,
            "side": "above",
            "t": 0.5,
          },
          {
            "px": 451.5,
            "py": 168,
            "side": "below",
            "t": 0.5,
          },
          {
            "px": 430.74,
            "py": 168,
            "side": "above",
            "t": 0.38,
          },
          {
            "px": 430.74,
            "py": 168,
            "side": "below",
            "t": 0.38,
          },
          {
            "px": 472.26,
            "py": 168,
            "side": "above",
            "t": 0.62,
          },
          {
            "px": 472.26,
            "py": 168,
            "side": "below",
            "t": 0.62,
          },
          {
            "px": 409.98,
            "py": 168,
            "side": "above",
            "t": 0.26,
          },
          {
            "px": 409.98,
            "py": 168,
            "side": "below",
            "t": 0.26,
          },
          {
            "px": 493.02,
            "py": 168,
            "side": "above",
            "t": 0.74,
          },
          {
            "px": 493.02,
            "py": 168,
            "side": "below",
            "t": 0.74,
          },
        ],
        "d": "M365,244 L365,175 Q365,168 372,168 L538,168",
        "fallback": false,
        "from": "cli",
        "id": "cli>planner",
        "kind": "VH",
        "label": {
          "anchor": "middle",
          "x": 451.5,
          "y": 161,
        },
        "labelWidth": 33,
        "points": [
          [
            365,
            244,
          ],
          [
            365,
            168,
          ],
          [
            538,
            168,
          ],
        ],
        "score": 0,
        "segment": {
          "horizontal": true,
          "length": 173,
          "x1": 365,
          "x2": 538,
          "y1": 168,
          "y2": 168,
        },
        "slot": 0,
        "to": "planner",
      },
      {
        "badge": {
          "x": 707.85,
          "y": 168,
        },
        "candidates": [
          {
            "px": 746,
            "py": 168,
            "side": "above",
            "t": 0.5,
          },
          {
            "px": 746,
            "py": 168,
            "side": "below",
            "t": 0.5,
          },
          {
            "px": 733.52,
            "py": 168,
            "side": "above",
            "t": 0.38,
          },
          {
            "px": 733.52,
            "py": 168,
            "side": "below",
            "t": 0.38,
          },
          {
            "px": 758.48,
            "py": 168,
            "side": "above",
            "t": 0.62,
          },
          {
            "px": 758.48,
            "py": 168,
            "side": "below",
            "t": 0.62,
          },
          {
            "px": 721.04,
            "py": 168,
            "side": "above",
            "t": 0.26,
          },
          {
            "px": 721.04,
            "py": 168,
            "side": "below",
            "t": 0.26,
          },
          {
            "px": 770.96,
            "py": 168,
            "side": "above",
            "t": 0.74,
          },
          {
            "px": 770.96,
            "py": 168,
            "side": "below",
            "t": 0.74,
          },
        ],
        "d": "M694,168 L798,168",
        "fallback": false,
        "from": "planner",
        "id": "planner>executor",
        "kind": "H",
        "label": {
          "anchor": "middle",
          "x": 746,
          "y": 161,
        },
        "labelWidth": 48.3,
        "points": [
          [
            694,
            168,
          ],
          [
            798,
            168,
          ],
        ],
        "score": 0,
        "segment": {
          "horizontal": true,
          "length": 104,
          "x1": 694,
          "x2": 798,
          "y1": 168,
          "y2": 168,
        },
        "slot": 0,
        "to": "executor",
      },
      {
        "badge": {
          "x": 972.5,
          "y": 168,
        },
        "candidates": [
          {
            "px": 1006,
            "py": 168,
            "side": "above",
            "t": 0.5,
          },
          {
            "px": 1006,
            "py": 168,
            "side": "below",
            "t": 0.5,
          },
          {
            "px": 993.52,
            "py": 168,
            "side": "above",
            "t": 0.38,
          },
          {
            "px": 993.52,
            "py": 168,
            "side": "below",
            "t": 0.38,
          },
          {
            "px": 1018.48,
            "py": 168,
            "side": "above",
            "t": 0.62,
          },
          {
            "px": 1018.48,
            "py": 168,
            "side": "below",
            "t": 0.62,
          },
          {
            "px": 981.04,
            "py": 168,
            "side": "above",
            "t": 0.26,
          },
          {
            "px": 981.04,
            "py": 168,
            "side": "below",
            "t": 0.26,
          },
          {
            "px": 1030.96,
            "py": 168,
            "side": "above",
            "t": 0.74,
          },
          {
            "px": 1030.96,
            "py": 168,
            "side": "below",
            "t": 0.74,
          },
        ],
        "d": "M954,168 L1058,168",
        "fallback": false,
        "from": "executor",
        "id": "executor>project",
        "kind": "H",
        "label": {
          "anchor": "middle",
          "x": 1006,
          "y": 161,
        },
        "labelWidth": 39,
        "points": [
          [
            954,
            168,
          ],
          [
            1058,
            168,
          ],
        ],
        "score": 0,
        "segment": {
          "horizontal": true,
          "length": 104,
          "x1": 954,
          "x2": 1058,
          "y1": 168,
          "y2": 168,
        },
        "slot": 0,
        "to": "project",
      },
      {
        "badge": {
          "x": 1145,
          "y": 254,
        },
        "candidates": [
          {
            "px": 1145,
            "py": 272,
            "side": "right",
            "t": 0.5,
          },
          {
            "px": 1145,
            "py": 272,
            "side": "left",
            "t": 0.5,
          },
          {
            "px": 1145,
            "py": 253.76,
            "side": "right",
            "t": 0.38,
          },
          {
            "px": 1145,
            "py": 253.76,
            "side": "left",
            "t": 0.38,
          },
          {
            "px": 1145,
            "py": 290.24,
            "side": "right",
            "t": 0.62,
          },
          {
            "px": 1145,
            "py": 290.24,
            "side": "left",
            "t": 0.62,
          },
          {
            "px": 1145,
            "py": 235.52,
            "side": "right",
            "t": 0.26,
          },
          {
            "px": 1145,
            "py": 235.52,
            "side": "left",
            "t": 0.26,
          },
          {
            "px": 1145,
            "py": 308.48,
            "side": "right",
            "t": 0.74,
          },
          {
            "px": 1145,
            "py": 308.48,
            "side": "left",
            "t": 0.74,
          },
        ],
        "d": "M1145,196 L1145,348",
        "fallback": false,
        "from": "project",
        "id": "project>superpowers",
        "kind": "V",
        "label": {
          "anchor": "start",
          "x": 1153,
          "y": 276.5,
        },
        "labelWidth": 69.7,
        "points": [
          [
            1145,
            196,
          ],
          [
            1145,
            348,
          ],
        ],
        "score": 0,
        "segment": {
          "horizontal": false,
          "length": 152,
          "x1": 1145,
          "x2": 1145,
          "y1": 196,
          "y2": 348,
        },
        "slot": 0,
        "to": "superpowers",
      },
      {
        "badge": {
          "x": 446.35,
          "y": 272,
        },
        "candidates": [
          {
            "px": 486,
            "py": 272,
            "side": "above",
            "t": 0.5,
          },
          {
            "px": 486,
            "py": 272,
            "side": "below",
            "t": 0.5,
          },
          {
            "px": 473.52,
            "py": 272,
            "side": "above",
            "t": 0.38,
          },
          {
            "px": 473.52,
            "py": 272,
            "side": "below",
            "t": 0.38,
          },
          {
            "px": 498.48,
            "py": 272,
            "side": "above",
            "t": 0.62,
          },
          {
            "px": 498.48,
            "py": 272,
            "side": "below",
            "t": 0.62,
          },
          {
            "px": 461.04,
            "py": 272,
            "side": "above",
            "t": 0.26,
          },
          {
            "px": 461.04,
            "py": 272,
            "side": "below",
            "t": 0.26,
          },
          {
            "px": 510.96,
            "py": 272,
            "side": "above",
            "t": 0.74,
          },
          {
            "px": 510.96,
            "py": 272,
            "side": "below",
            "t": 0.74,
          },
        ],
        "d": "M434,272 L538,272",
        "fallback": false,
        "from": "cli",
        "id": "cli>ownership",
        "kind": "H",
        "label": {
          "anchor": "middle",
          "x": 486,
          "y": 265,
        },
        "labelWidth": 51.3,
        "points": [
          [
            434,
            272,
          ],
          [
            538,
            272,
          ],
        ],
        "score": 0,
        "segment": {
          "horizontal": true,
          "length": 104,
          "x1": 434,
          "x2": 538,
          "y1": 272,
          "y2": 272,
        },
        "slot": 0,
        "to": "ownership",
      },
      {
        "badge": {
          "x": 870.65,
          "y": 263,
        },
        "candidates": [
          {
            "px": 910.5,
            "py": 263,
            "side": "above",
            "t": 0.5,
          },
          {
            "px": 910.5,
            "py": 263,
            "side": "below",
            "t": 0.5,
          },
          {
            "px": 858.54,
            "py": 263,
            "side": "above",
            "t": 0.38,
          },
          {
            "px": 858.54,
            "py": 263,
            "side": "below",
            "t": 0.38,
          },
          {
            "px": 962.46,
            "py": 263,
            "side": "above",
            "t": 0.62,
          },
          {
            "px": 962.46,
            "py": 263,
            "side": "below",
            "t": 0.62,
          },
          {
            "px": 806.58,
            "py": 263,
            "side": "above",
            "t": 0.26,
          },
          {
            "px": 806.58,
            "py": 263,
            "side": "below",
            "t": 0.26,
          },
          {
            "px": 1014.42,
            "py": 263,
            "side": "above",
            "t": 0.74,
          },
          {
            "px": 1014.42,
            "py": 263,
            "side": "below",
            "t": 0.74,
          },
        ],
        "d": "M694,263 L1120,263 Q1127,263 1127,256 L1127,196",
        "fallback": false,
        "from": "ownership",
        "id": "ownership>project",
        "kind": "HV",
        "label": {
          "anchor": "middle",
          "x": 910.5,
          "y": 256,
        },
        "labelWidth": 51.7,
        "points": [
          [
            694,
            263,
          ],
          [
            1127,
            263,
          ],
          [
            1127,
            196,
          ],
        ],
        "score": 0,
        "segment": {
          "horizontal": true,
          "length": 433,
          "x1": 694,
          "x2": 1127,
          "y1": 263,
          "y2": 263,
        },
        "slot": 0,
        "to": "project",
      },
      {
        "badge": {
          "x": 742.45,
          "y": 281,
        },
        "candidates": [
          {
            "px": 785,
            "py": 281,
            "side": "above",
            "t": 0.5,
          },
          {
            "px": 785,
            "py": 281,
            "side": "below",
            "t": 0.5,
          },
          {
            "px": 763.16,
            "py": 281,
            "side": "above",
            "t": 0.38,
          },
          {
            "px": 763.16,
            "py": 281,
            "side": "below",
            "t": 0.38,
          },
          {
            "px": 806.84,
            "py": 281,
            "side": "above",
            "t": 0.62,
          },
          {
            "px": 806.84,
            "py": 281,
            "side": "below",
            "t": 0.62,
          },
          {
            "px": 741.32,
            "py": 281,
            "side": "above",
            "t": 0.26,
          },
          {
            "px": 741.32,
            "py": 281,
            "side": "below",
            "t": 0.26,
          },
          {
            "px": 828.68,
            "py": 281,
            "side": "above",
            "t": 0.74,
          },
          {
            "px": 828.68,
            "py": 281,
            "side": "below",
            "t": 0.74,
          },
        ],
        "d": "M694,281 L869,281 Q876,281 876,288 L876,348",
        "fallback": false,
        "from": "ownership",
        "id": "ownership>router",
        "kind": "HV",
        "label": {
          "anchor": "middle",
          "x": 785,
          "y": 298,
        },
        "labelWidth": 57.1,
        "points": [
          [
            694,
            281,
          ],
          [
            876,
            281,
          ],
          [
            876,
            348,
          ],
        ],
        "score": 0,
        "segment": {
          "horizontal": true,
          "length": 182,
          "x1": 694,
          "x2": 876,
          "y1": 281,
          "y2": 281,
        },
        "slot": 1,
        "to": "router",
      },
      {
        "badge": {
          "x": 423.75,
          "y": 376,
        },
        "candidates": [
          {
            "px": 456,
            "py": 376,
            "side": "above",
            "t": 0.5,
          },
          {
            "px": 456,
            "py": 376,
            "side": "below",
            "t": 0.5,
          },
          {
            "px": 436.32,
            "py": 376,
            "side": "above",
            "t": 0.38,
          },
          {
            "px": 436.32,
            "py": 376,
            "side": "below",
            "t": 0.38,
          },
          {
            "px": 475.68,
            "py": 376,
            "side": "above",
            "t": 0.62,
          },
          {
            "px": 475.68,
            "py": 376,
            "side": "below",
            "t": 0.62,
          },
          {
            "px": 416.64,
            "py": 376,
            "side": "above",
            "t": 0.26,
          },
          {
            "px": 416.64,
            "py": 376,
            "side": "below",
            "t": 0.26,
          },
          {
            "px": 495.36,
            "py": 376,
            "side": "above",
            "t": 0.74,
          },
          {
            "px": 495.36,
            "py": 376,
            "side": "below",
            "t": 0.74,
          },
        ],
        "d": "M374,300 L374,369 Q374,376 381,376 L538,376",
        "fallback": false,
        "from": "cli",
        "id": "cli>phase",
        "kind": "VH",
        "label": {
          "anchor": "middle",
          "x": 456,
          "y": 369,
        },
        "labelWidth": 36.5,
        "points": [
          [
            374,
            300,
          ],
          [
            374,
            376,
          ],
          [
            538,
            376,
          ],
        ],
        "score": 0,
        "segment": {
          "horizontal": true,
          "length": 164,
          "x1": 374,
          "x2": 538,
          "y1": 376,
          "y2": 376,
        },
        "slot": 0,
        "to": "phase",
      },
      {
        "badge": {
          "x": 796.75,
          "y": 471,
        },
        "candidates": [
          {
            "px": 837,
            "py": 471,
            "side": "above",
            "t": 0.5,
          },
          {
            "px": 837,
            "py": 471,
            "side": "below",
            "t": 0.5,
          },
          {
            "px": 783.96,
            "py": 471,
            "side": "above",
            "t": 0.38,
          },
          {
            "px": 783.96,
            "py": 471,
            "side": "below",
            "t": 0.38,
          },
          {
            "px": 890.04,
            "py": 471,
            "side": "above",
            "t": 0.62,
          },
          {
            "px": 890.04,
            "py": 471,
            "side": "below",
            "t": 0.62,
          },
          {
            "px": 730.92,
            "py": 471,
            "side": "above",
            "t": 0.26,
          },
          {
            "px": 730.92,
            "py": 471,
            "side": "below",
            "t": 0.26,
          },
          {
            "px": 943.08,
            "py": 471,
            "side": "above",
            "t": 0.74,
          },
          {
            "px": 943.08,
            "py": 471,
            "side": "below",
            "t": 0.74,
          },
        ],
        "d": "M616,404 L616,464 Q616,471 623,471 L1058,471",
        "fallback": false,
        "from": "phase",
        "id": "phase>backlog",
        "kind": "VH",
        "label": {
          "anchor": "middle",
          "x": 837,
          "y": 464,
        },
        "labelWidth": 52.5,
        "points": [
          [
            616,
            404,
          ],
          [
            616,
            471,
          ],
          [
            1058,
            471,
          ],
        ],
        "score": 0,
        "segment": {
          "horizontal": true,
          "length": 442,
          "x1": 616,
          "x2": 1058,
          "y1": 471,
          "y2": 471,
        },
        "slot": 0,
        "to": "backlog",
      },
      {
        "badge": {
          "x": 356,
          "y": 358,
        },
        "candidates": [
          {
            "px": 356,
            "py": 376,
            "side": "right",
            "t": 0.5,
          },
          {
            "px": 356,
            "py": 376,
            "side": "left",
            "t": 0.5,
          },
          {
            "px": 356,
            "py": 357.76,
            "side": "right",
            "t": 0.38,
          },
          {
            "px": 356,
            "py": 357.76,
            "side": "left",
            "t": 0.38,
          },
          {
            "px": 356,
            "py": 394.24,
            "side": "right",
            "t": 0.62,
          },
          {
            "px": 356,
            "py": 394.24,
            "side": "left",
            "t": 0.62,
          },
          {
            "px": 356,
            "py": 339.52,
            "side": "right",
            "t": 0.26,
          },
          {
            "px": 356,
            "py": 339.52,
            "side": "left",
            "t": 0.26,
          },
          {
            "px": 356,
            "py": 412.48,
            "side": "right",
            "t": 0.74,
          },
          {
            "px": 356,
            "py": 412.48,
            "side": "left",
            "t": 0.74,
          },
        ],
        "d": "M356,300 L356,452",
        "fallback": false,
        "from": "cli",
        "id": "cli>hub",
        "kind": "V",
        "label": {
          "anchor": "end",
          "x": 348,
          "y": 380.5,
        },
        "labelWidth": 61.8,
        "points": [
          [
            356,
            300,
          ],
          [
            356,
            452,
          ],
        ],
        "score": 0,
        "segment": {
          "horizontal": false,
          "length": 152,
          "x1": 356,
          "x2": 356,
          "y1": 300,
          "y2": 452,
        },
        "slot": 1,
        "to": "hub",
      },
      {
        "badge": {
          "x": 689.15,
          "y": 489,
        },
        "candidates": [
          {
            "px": 746,
            "py": 489,
            "side": "above",
            "t": 0.5,
          },
          {
            "px": 746,
            "py": 489,
            "side": "below",
            "t": 0.5,
          },
          {
            "px": 671.12,
            "py": 489,
            "side": "above",
            "t": 0.38,
          },
          {
            "px": 671.12,
            "py": 489,
            "side": "below",
            "t": 0.38,
          },
          {
            "px": 820.88,
            "py": 489,
            "side": "above",
            "t": 0.62,
          },
          {
            "px": 820.88,
            "py": 489,
            "side": "below",
            "t": 0.62,
          },
          {
            "px": 596.24,
            "py": 489,
            "side": "above",
            "t": 0.26,
          },
          {
            "px": 596.24,
            "py": 489,
            "side": "below",
            "t": 0.26,
          },
          {
            "px": 895.76,
            "py": 489,
            "side": "above",
            "t": 0.74,
          },
          {
            "px": 895.76,
            "py": 489,
            "side": "below",
            "t": 0.74,
          },
        ],
        "d": "M434,489 L1058,489",
        "fallback": false,
        "from": "hub",
        "id": "hub>backlog",
        "kind": "H",
        "label": {
          "anchor": "middle",
          "x": 746,
          "y": 506,
        },
        "labelWidth": 85.7,
        "points": [
          [
            434,
            489,
          ],
          [
            1058,
            489,
          ],
        ],
        "score": 0,
        "segment": {
          "horizontal": true,
          "length": 624,
          "x1": 434,
          "x2": 1058,
          "y1": 489,
          "y2": 489,
        },
        "slot": 1,
        "to": "backlog",
      },
      {
        "badge": {
          "x": 226,
          "y": 480,
        },
        "candidates": [
          {
            "px": 226,
            "py": 480,
            "side": "above",
            "t": 0.5,
          },
          {
            "px": 226,
            "py": 480,
            "side": "below",
            "t": 0.5,
          },
          {
            "px": 238.48,
            "py": 480,
            "side": "above",
            "t": 0.38,
          },
          {
            "px": 238.48,
            "py": 480,
            "side": "below",
            "t": 0.38,
          },
          {
            "px": 213.52,
            "py": 480,
            "side": "above",
            "t": 0.62,
          },
          {
            "px": 213.52,
            "py": 480,
            "side": "below",
            "t": 0.62,
          },
          {
            "px": 250.96,
            "py": 480,
            "side": "above",
            "t": 0.26,
          },
          {
            "px": 250.96,
            "py": 480,
            "side": "below",
            "t": 0.26,
          },
          {
            "px": 201.04,
            "py": 480,
            "side": "above",
            "t": 0.74,
          },
          {
            "px": 201.04,
            "py": 480,
            "side": "below",
            "t": 0.74,
          },
        ],
        "d": "M278,480 L174,480",
        "fallback": false,
        "from": "hub",
        "id": "hub>browser",
        "kind": "H",
        "label": {
          "anchor": "middle",
          "x": 226,
          "y": 473,
        },
        "labelWidth": 76.8,
        "points": [
          [
            278,
            480,
          ],
          [
            174,
            480,
          ],
        ],
        "score": 0,
        "segment": {
          "horizontal": true,
          "length": 104,
          "x1": 278,
          "x2": 174,
          "y1": 480,
          "y2": 480,
        },
        "slot": 0,
        "to": "browser",
      },
    ],
    "height": 528,
    "nodes": [
      {
        "col": 4,
        "h": 56,
        "id": "npm",
        "row": 0,
        "w": 156,
        "x": 1058,
        "y": 36,
      },
      {
        "col": 2,
        "h": 56,
        "id": "planner",
        "row": 1,
        "w": 156,
        "x": 538,
        "y": 140,
      },
      {
        "col": 3,
        "h": 56,
        "id": "executor",
        "row": 1,
        "w": 156,
        "x": 798,
        "y": 140,
      },
      {
        "col": 4,
        "h": 56,
        "id": "project",
        "row": 1,
        "w": 156,
        "x": 1058,
        "y": 140,
      },
      {
        "col": 0,
        "h": 56,
        "id": "dev",
        "row": 2,
        "w": 156,
        "x": 18,
        "y": 244,
      },
      {
        "col": 1,
        "h": 56,
        "id": "cli",
        "row": 2,
        "w": 156,
        "x": 278,
        "y": 244,
      },
      {
        "col": 2,
        "h": 56,
        "id": "ownership",
        "row": 2,
        "w": 156,
        "x": 538,
        "y": 244,
      },
      {
        "col": 2,
        "h": 56,
        "id": "phase",
        "row": 3,
        "w": 156,
        "x": 538,
        "y": 348,
      },
      {
        "col": 3,
        "h": 56,
        "id": "router",
        "row": 3,
        "w": 156,
        "x": 798,
        "y": 348,
      },
      {
        "col": 4,
        "h": 56,
        "id": "superpowers",
        "row": 3,
        "w": 156,
        "x": 1058,
        "y": 348,
      },
      {
        "col": 0,
        "h": 56,
        "id": "browser",
        "row": 4,
        "w": 156,
        "x": 18,
        "y": 452,
      },
      {
        "col": 1,
        "h": 56,
        "id": "hub",
        "row": 4,
        "w": 156,
        "x": 278,
        "y": 452,
      },
      {
        "col": 4,
        "h": 56,
        "id": "backlog",
        "row": 4,
        "w": 156,
        "x": 1058,
        "y": 452,
      },
    ],
    "warnings": [],
    "width": 1232,
    "zones": [
      {
        "h": 300,
        "label": "Entry",
        "w": 180,
        "x": 6,
        "y": 218,
      },
      {
        "h": 404,
        "label": "Kit (sbl)",
        "w": 700,
        "x": 266,
        "y": 114,
      },
      {
        "h": 508,
        "label": "Target project / external",
        "w": 180,
        "x": 1046,
        "y": 10,
      },
    ],
  },
  "manifest": "package.json",
  "packageName": "super-backlog",
  "pitchHtml": "CLI kit that wires <b>Backlog.md</b> and <b>Superpowers</b> into any project: a binding agent pipeline with gates, glue skills, a live dashboard and a verified uninstall.",
  "project": "demo-project",
  "source": {
    "auto": [
      "Name, version and license from package.json",
      "212 source files (.ts .mjs) from git ls-files",
      "3 runtime and 9 development dependencies; versions from lockfiles where present",
      "14 releases from git version tags",
      "3 GitHub Actions workflows",
      "Open work from backlog task list",
    ],
    "curated": [
      "Pitch, 13 components, 14 connections, 4 flows",
      "4 highlights, 4 stack entries, 2 command groups",
      "1 task-to-component mappings (status comes from the backlog CLI)",
    ],
    "file": "backlog/docs/architecture.yml",
    "warnings": [],
  },
  "stack": [
    {
      "group": "Runtime",
      "name": "TypeScript",
      "nodes": [
        "cli",
        "planner",
        "executor",
        "hub",
      ],
      "role": "language, tsc build to dist/",
      "version": "7.0.2",
    },
    {
      "group": "Runtime",
      "name": "cross-spawn",
      "nodes": [
        "executor",
        "cli",
      ],
      "role": "the only runtime dependency",
      "version": "7.0.6",
    },
    {
      "group": "Quality",
      "name": "Vitest",
      "nodes": [
        "planner",
        "executor",
        "hub",
      ],
      "role": "unit, integration and e2e tests",
      "version": "5.0.3",
    },
    {
      "group": "Integration",
      "name": "backlog.md",
      "nodes": [
        "backlog",
        "hub",
        "phase",
      ],
      "role": "devDependency, task data",
      "version": "",
    },
  ],
  "tasks": [
    {
      "id": "T-2",
      "node": null,
      "phase": "spec",
      "status": "In Progress",
      "title": "Add OAuth refresh",
    },
    {
      "id": "T-3",
      "node": null,
      "phase": null,
      "status": "To Do",
      "title": "Write <README>",
    },
    {
      "id": "TASK-85",
      "node": "hub",
      "phase": "impl",
      "status": "In Progress",
      "title": "Parser",
    },
  ],
}
`;

exports[`buildSummaryView > reduced view (no architecture file) matches the snapshot 1`] = `
{
  "architecture": null,
  "commands": [
    {
      "entries": [
        {
          "note": "vitest run",
          "run": "npm test",
        },
      ],
      "group": "package.json scripts",
    },
  ],
  "facts": [
    {
      "label": "Version · MIT",
      "value": "1.6.0",
    },
    {
      "label": "Lines of code",
      "value": "31k",
    },
    {
      "label": "Test files",
      "value": "96",
    },
    {
      "label": "Runtime dependencies",
      "value": "3",
    },
    {
      "label": "Releases",
      "value": "14",
    },
    {
      "label": "Open tasks",
      "value": "3",
    },
  ],
  "layout": null,
  "manifest": "package.json",
  "packageName": "super-backlog",
  "pitchHtml": "A demo &lt;b&gt;project&lt;/b&gt;",
  "project": "demo-project",
  "source": {
    "auto": [
      "Name, version and license from package.json",
      "212 source files (.ts .mjs) from git ls-files",
      "3 runtime and 9 development dependencies; versions from lockfiles where present",
      "14 releases from git version tags",
      "3 GitHub Actions workflows",
      "Open work from backlog task list",
    ],
    "curated": [
      "No curated file yet; this page shows the automatic facts only.",
    ],
    "file": "backlog/docs/architecture.yml",
    "warnings": [],
  },
  "stack": [
    {
      "group": "Runtime",
      "name": "cross-spawn",
      "nodes": [],
      "role": "",
      "version": "7.0.6",
    },
  ],
  "tasks": [
    {
      "id": "T-2",
      "node": null,
      "phase": "spec",
      "status": "In Progress",
      "title": "Add OAuth refresh",
    },
    {
      "id": "T-3",
      "node": null,
      "phase": null,
      "status": "To Do",
      "title": "Write <README>",
    },
    {
      "id": "TASK-85",
      "node": null,
      "phase": "impl",
      "status": "In Progress",
      "title": "Parser",
    },
  ],
}
`;
